Archive member included to satisfy reference by file (symbol)

f:/al/futuredynasty/toolchain/sf1/gcc/bin/../lib/gcc/riscv-nuclei-elf/9.2.0/rv32imac/ilp32\libgcc.a(_udivdi3.o)
                              ./sf1_sdk/SoC/anlogic/Common/Source/Stubs/gettimeofday.o (__udivdi3)
f:/al/futuredynasty/toolchain/sf1/gcc/bin/../lib/gcc/riscv-nuclei-elf/9.2.0/rv32imac/ilp32\libgcc.a(_umoddi3.o)
                              ./sf1_sdk/SoC/anlogic/Common/Source/Stubs/gettimeofday.o (__umoddi3)
f:/al/futuredynasty/toolchain/sf1/gcc/bin/../lib/gcc/riscv-nuclei-elf/9.2.0/rv32imac/ilp32\libgcc.a(_clz.o)
                              f:/al/futuredynasty/toolchain/sf1/gcc/bin/../lib/gcc/riscv-nuclei-elf/9.2.0/rv32imac/ilp32\libgcc.a(_udivdi3.o) (__clz_tab)
f:/al/futuredynasty/toolchain/sf1/gcc/bin/../lib/gcc/riscv-nuclei-elf/9.2.0/../../../../riscv-nuclei-elf/lib/rv32imac/ilp32\libg_nano.a(lib_a-atexit.o)
                              ./sf1_sdk/SoC/anlogic/Common/Source/GCC/startup_anlogic.o (atexit)
f:/al/futuredynasty/toolchain/sf1/gcc/bin/../lib/gcc/riscv-nuclei-elf/9.2.0/../../../../riscv-nuclei-elf/lib/rv32imac/ilp32\libg_nano.a(lib_a-fini.o)
                              ./sf1_sdk/SoC/anlogic/Common/Source/GCC/startup_anlogic.o (__libc_fini_array)
f:/al/futuredynasty/toolchain/sf1/gcc/bin/../lib/gcc/riscv-nuclei-elf/9.2.0/../../../../riscv-nuclei-elf/lib/rv32imac/ilp32\libg_nano.a(lib_a-init.o)
                              ./sf1_sdk/SoC/anlogic/Common/Source/GCC/startup_anlogic.o (__libc_init_array)
f:/al/futuredynasty/toolchain/sf1/gcc/bin/../lib/gcc/riscv-nuclei-elf/9.2.0/../../../../riscv-nuclei-elf/lib/rv32imac/ilp32\libg_nano.a(lib_a-memcpy.o)
                              ./application/main.o (memcpy)
f:/al/futuredynasty/toolchain/sf1/gcc/bin/../lib/gcc/riscv-nuclei-elf/9.2.0/../../../../riscv-nuclei-elf/lib/rv32imac/ilp32\libg_nano.a(lib_a-printf.o)
                              ./sf1_sdk/SoC/anlogic/Common/Source/system_nuclei.o (printf)
f:/al/futuredynasty/toolchain/sf1/gcc/bin/../lib/gcc/riscv-nuclei-elf/9.2.0/../../../../riscv-nuclei-elf/lib/rv32imac/ilp32\libg_nano.a(lib_a-puts.o)
                              ./sf1_sdk/SoC/anlogic/Common/Source/nuclei_common.o (puts)
f:/al/futuredynasty/toolchain/sf1/gcc/bin/../lib/gcc/riscv-nuclei-elf/9.2.0/../../../../riscv-nuclei-elf/lib/rv32imac/ilp32\libg_nano.a(lib_a-sysisatty.o)
                              ./sf1_sdk/SoC/anlogic/Common/Source/Stubs/write.o (isatty)
f:/al/futuredynasty/toolchain/sf1/gcc/bin/../lib/gcc/riscv-nuclei-elf/9.2.0/../../../../riscv-nuclei-elf/lib/rv32imac/ilp32\libg_nano.a(lib_a-wbuf.o)
                              f:/al/futuredynasty/toolchain/sf1/gcc/bin/../lib/gcc/riscv-nuclei-elf/9.2.0/../../../../riscv-nuclei-elf/lib/rv32imac/ilp32\libg_nano.a(lib_a-puts.o) (__swbuf_r)
f:/al/futuredynasty/toolchain/sf1/gcc/bin/../lib/gcc/riscv-nuclei-elf/9.2.0/../../../../riscv-nuclei-elf/lib/rv32imac/ilp32\libg_nano.a(lib_a-wsetup.o)
                              f:/al/futuredynasty/toolchain/sf1/gcc/bin/../lib/gcc/riscv-nuclei-elf/9.2.0/../../../../riscv-nuclei-elf/lib/rv32imac/ilp32\libg_nano.a(lib_a-puts.o) (__swsetup_r)
f:/al/futuredynasty/toolchain/sf1/gcc/bin/../lib/gcc/riscv-nuclei-elf/9.2.0/../../../../riscv-nuclei-elf/lib/rv32imac/ilp32\libg_nano.a(lib_a-__atexit.o)
                              f:/al/futuredynasty/toolchain/sf1/gcc/bin/../lib/gcc/riscv-nuclei-elf/9.2.0/../../../../riscv-nuclei-elf/lib/rv32imac/ilp32\libg_nano.a(lib_a-atexit.o) (__register_exitproc)
f:/al/futuredynasty/toolchain/sf1/gcc/bin/../lib/gcc/riscv-nuclei-elf/9.2.0/../../../../riscv-nuclei-elf/lib/rv32imac/ilp32\libg_nano.a(lib_a-__call_atexit.o)
                              f:/al/futuredynasty/toolchain/sf1/gcc/bin/../lib/gcc/riscv-nuclei-elf/9.2.0/../../../../riscv-nuclei-elf/lib/rv32imac/ilp32\libg_nano.a(lib_a-__atexit.o) (__call_exitprocs)
f:/al/futuredynasty/toolchain/sf1/gcc/bin/../lib/gcc/riscv-nuclei-elf/9.2.0/../../../../riscv-nuclei-elf/lib/rv32imac/ilp32\libg_nano.a(lib_a-fflush.o)
                              f:/al/futuredynasty/toolchain/sf1/gcc/bin/../lib/gcc/riscv-nuclei-elf/9.2.0/../../../../riscv-nuclei-elf/lib/rv32imac/ilp32\libg_nano.a(lib_a-wbuf.o) (_fflush_r)
f:/al/futuredynasty/toolchain/sf1/gcc/bin/../lib/gcc/riscv-nuclei-elf/9.2.0/../../../../riscv-nuclei-elf/lib/rv32imac/ilp32\libg_nano.a(lib_a-findfp.o)
                              f:/al/futuredynasty/toolchain/sf1/gcc/bin/../lib/gcc/riscv-nuclei-elf/9.2.0/../../../../riscv-nuclei-elf/lib/rv32imac/ilp32\libg_nano.a(lib_a-printf.o) (__sinit)
f:/al/futuredynasty/toolchain/sf1/gcc/bin/../lib/gcc/riscv-nuclei-elf/9.2.0/../../../../riscv-nuclei-elf/lib/rv32imac/ilp32\libg_nano.a(lib_a-fwalk.o)
                              f:/al/futuredynasty/toolchain/sf1/gcc/bin/../lib/gcc/riscv-nuclei-elf/9.2.0/../../../../riscv-nuclei-elf/lib/rv32imac/ilp32\libg_nano.a(lib_a-findfp.o) (_fwalk)
[...]
Memory Configuration

Name             Origin             Length             Attributes
flash            0x00000000000e0000 0x0000000000400000 axrl !w
ilm              0x0000000008000000 0x0000000000002000 axrl !w
ram              0x0000000020000000 0x0000000000002000 axw !rl
*default*        0x0000000000000000 0xffffffffffffffff

Linker script and memory map

LOAD ./sf1_sdk/SoC/anlogic/Common/Source/Stubs/close.o
LOAD ./sf1_sdk/SoC/anlogic/Common/Source/Stubs/fstat.o
LOAD ./sf1_sdk/SoC/anlogic/Common/Source/Stubs/gettimeofday.o
LOAD ./sf1_sdk/SoC/anlogic/Common/Source/Stubs/isatty.o
LOAD ./sf1_sdk/SoC/anlogic/Common/Source/Stubs/lseek.o
LOAD ./sf1_sdk/SoC/anlogic/Common/Source/Stubs/read.o
LOAD ./sf1_sdk/SoC/anlogic/Common/Source/Stubs/sbrk.o
LOAD ./sf1_sdk/SoC/anlogic/Common/Source/Stubs/write.o
LOAD ./sf1_sdk/SoC/anlogic/Common/Source/GCC/intexc_anlogic.o
LOAD ./sf1_sdk/SoC/anlogic/Common/Source/GCC/startup_anlogic.o
LOAD ./sf1_sdk/SoC/anlogic/Common/Source/Drivers/anl_printf.o
LOAD ./sf1_sdk/SoC/anlogic/Common/Source/Drivers/nuclei_gpio.o
LOAD ./sf1_sdk/SoC/anlogic/Common/Source/Drivers/nuclei_i2c.o
LOAD ./sf1_sdk/SoC/anlogic/Common/Source/Drivers/nuclei_misc.o
LOAD ./sf1_sdk/SoC/anlogic/Common/Source/Drivers/nuclei_qspi.o
LOAD ./sf1_sdk/SoC/anlogic/Common/Source/Drivers/nuclei_uart.o
LOAD ./sf1_sdk/SoC/anlogic/Common/Source/nuclei_common.o
LOAD ./sf1_sdk/SoC/anlogic/Common/Source/system_nuclei.o
LOAD ./sf1_sdk/SoC/anlogic/Board/sf1_eval/Source/nuclei_eval.o
LOAD ./application/main.o
LOAD f:/al/futuredynasty/toolchain/sf1/gcc/bin/../lib/gcc/riscv-nuclei-elf/9.2.0/../../../../riscv-nuclei-elf/lib/rv32imac/ilp32\libstdc++.a
LOAD f:/al/futuredynasty/toolchain/sf1/gcc/bin/../lib/gcc/riscv-nuclei-elf/9.2.0/../../../../riscv-nuclei-elf/lib/rv32imac/ilp32\libstdc++.a
LOAD f:/al/futuredynasty/toolchain/sf1/gcc/bin/../lib/gcc/riscv-nuclei-elf/9.2.0/../../../../riscv-nuclei-elf/lib/rv32imac/ilp32\libm.a
LOAD f:/al/futuredynasty/toolchain/sf1/gcc/bin/../lib/gcc/riscv-nuclei-elf/9.2.0/rv32imac/ilp32\libgcc.a
LOAD f:/al/futuredynasty/toolchain/sf1/gcc/bin/../lib/gcc/riscv-nuclei-elf/9.2.0/../../../../riscv-nuclei-elf/lib/rv32imac/ilp32\libg_nano.a
LOAD f:/al/futuredynasty/toolchain/sf1/gcc/bin/../lib/gcc/riscv-nuclei-elf/9.2.0/../../../../riscv-nuclei-elf/lib/rv32imac/ilp32\libc_nano.a
LOAD f:/al/futuredynasty/toolchain/sf1/gcc/bin/../lib/gcc/riscv-nuclei-elf/9.2.0/rv32imac/ilp32\libgcc.a
START GROUP
LOAD f:/al/futuredynasty/toolchain/sf1/gcc/bin/../lib/gcc/riscv-nuclei-elf/9.2.0/rv32imac/ilp32\libgcc.a
LOAD f:/al/futuredynasty/toolchain/sf1/gcc/bin/../lib/gcc/riscv-nuclei-elf/9.2.0/../../../../riscv-nuclei-elf/lib/rv32imac/ilp32\libc_nano.a
LOAD f:/al/futuredynasty/toolchain/sf1/gcc/bin/../lib/gcc/riscv-nuclei-elf/9.2.0/../../../../riscv-nuclei-elf/lib/rv32imac/ilp32\libnosys.a
END GROUP
START GROUP
LOAD f:/al/futuredynasty/toolchain/sf1/gcc/bin/../lib/gcc/riscv-nuclei-elf/9.2.0/rv32imac/ilp32\libgcc.a
LOAD f:/al/futuredynasty/toolchain/sf1/gcc/bin/../lib/gcc/riscv-nuclei-elf/9.2.0/../../../../riscv-nuclei-elf/lib/rv32imac/ilp32\libc_nano.a
LOAD f:/al/futuredynasty/toolchain/sf1/gcc/bin/../lib/gcc/riscv-nuclei-elf/9.2.0/../../../../riscv-nuclei-elf/lib/rv32imac/ilp32\libnosys.a
END GROUP
                0x0000000000000800                __stack_size = DEFINED (__stack_size)?__stack_size:0x800
                0x0000000000000400                __int_stack_size = DEFINED (__int_stack_size)?__int_stack_size:0x400

.init           0x00000000000e0000      0x204
 *(.vtable)
 .vtable        0x00000000000e0000       0xbc ./sf1_sdk/SoC/anlogic/Common/Source/GCC/startup_anlogic.o
                0x00000000000e0000                vector_base
 *(SORT_NONE(.init))
 .init          0x00000000000e00bc      0x148 ./sf1_sdk/SoC/anlogic/Common/Source/GCC/startup_anlogic.o
                0x00000000000e00bc                _start

.spilalign      0x00000000000e0204        0x0
                0x00000000000e0204                . = ALIGN (0x4)
                [!provide]                        PROVIDE (_spi_lma = .)

.spialign       0x0000000008000000        0x0 load address 0x00000000000e0204
                [!provide]                        PROVIDE (_spi = .)

.spi_flash
 *(SORT_NONE(.spi_flash))

.espialign      0x0000000008000000        0x0 load address 0x00000000000e0204
                [!provide]                        PROVIDE (_espi = .)
                [!provide]                        PROVIDE (_espi = .)

.ilalign        0x00000000000e0204        0x0
                0x00000000000e0204                . = ALIGN (0x4)
                0x00000000000e0204                PROVIDE (_ilm_lma = .)

.ialign         0x00000000000e0204        0x0
                0x00000000000e0204                PROVIDE (_ilm = .)

.text           0x00000000000e0240     0x3eea
 *(.rdata)
 *(.rodata .rodata.*)
 .rodata        0x00000000000e0240       0xdc ./sf1_sdk/SoC/anlogic/Common/Source/system_nuclei.o
 .rodata        0x00000000000e031c      0x7c4 ./application/main.o
 .rodata.__sf_fake_stderr
                0x00000000000e0ae0       0x20 f:/al/futuredynasty/toolchain/sf1/gcc/bin/../lib/gcc/riscv-nuclei-elf/9.2.0/../../../../riscv-nuclei-elf/lib/rv32imac/ilp32\libg_nano.a(lib_a-findfp.o)
                0x00000000000e0ae0                __sf_fake_stderr
 .rodata.__sf_fake_stdin
                0x00000000000e0b00       0x20 f:/al/futuredynasty/toolchain/sf1/gcc/bin/../lib/gcc/riscv-nuclei-elf/9.2.0/../../../../riscv-nuclei-elf/lib/rv32imac/ilp32\libg_nano.a(lib_a-findfp.o)
                0x00000000000e0b00                __sf_fake_stdin
 .rodata.__sf_fake_stdout
                0x00000000000e0b20       0x20 f:/al/futuredynasty/toolchain/sf1/gcc/bin/../lib/gcc/riscv-nuclei-elf/9.2.0/../../../../riscv-nuclei-elf/lib/rv32imac/ilp32\libg_nano.a(lib_a-findfp.o)
                0x00000000000e0b20                __sf_fake_stdout
 .rodata._vfprintf_r.str1.4
                0x00000000000e0b40       0x13 f:/al/futuredynasty/toolchain/sf1/gcc/bin/../lib/gcc/riscv-nuclei-elf/9.2.0/../../../../riscv-nuclei-elf/lib/rv32imac/ilp32\libg_nano.a(lib_a-nano-vfprintf.o)
 *fill*         0x00000000000e0b53        0x1 
 .rodata._printf_i.str1.4
                0x00000000000e0b54       0x28 f:/al/futuredynasty/toolchain/sf1/gcc/bin/../lib/gcc/riscv-nuclei-elf/9.2.0/../../../../riscv-nuclei-elf/lib/rv32imac/ilp32\libg_nano.a(lib_a-nano-vfprintf_i.o)
                                         0x25 (size before relaxing)
 .rodata._printf_i
                0x00000000000e0b7c       0x58 f:/al/futuredynasty/toolchain/sf1/gcc/bin/../lib/gcc/riscv-nuclei-elf/9.2.0/../../../../riscv-nuclei-elf/lib/rv32imac/ilp32\libg_nano.a(lib_a-nano-vfprintf_i.o)
 *(.text.unlikely .text.unlikely.*)
 *(.text.startup .text.startup.*)
 *(.text .text.*)
 .text._stub    0x00000000000e0bd4       0x14 ./sf1_sdk/SoC/anlogic/Common/Source/Stubs/close.o
 .text._close   0x00000000000e0be8       0x1c ./sf1_sdk/SoC/anlogic/Common/Source/Stubs/close.o
                0x00000000000e0be8                _close
 .text._stub    0x00000000000e0c04       0x14 ./sf1_sdk/SoC/anlogic/Common/Source/Stubs/fstat.o
 .text._fstat   0x00000000000e0c18       0x20 ./sf1_sdk/SoC/anlogic/Common/Source/Stubs/fstat.o
                0x00000000000e0c18                _fstat
 .text._isatty  0x00000000000e0c38       0x14 ./sf1_sdk/SoC/anlogic/Common/Source/Stubs/isatty.o
                0x00000000000e0c38                _isatty
 .text._stub    0x00000000000e0c4c       0x14 ./sf1_sdk/SoC/anlogic/Common/Source/Stubs/lseek.o
 .text._lseek   0x00000000000e0c60       0x24 ./sf1_sdk/SoC/anlogic/Common/Source/Stubs/lseek.o
                0x00000000000e0c60                _lseek
 .text._read    0x00000000000e0c84       0x44 ./sf1_sdk/SoC/anlogic/Common/Source/Stubs/read.o
                0x00000000000e0c84                _read
 .text._sbrk    0x00000000000e0cc8       0x74 ./sf1_sdk/SoC/anlogic/Common/Source/Stubs/sbrk.o
                0x00000000000e0cc8                _sbrk
 .text._write   0x00000000000e0d3c       0x88 ./sf1_sdk/SoC/anlogic/Common/Source/Stubs/write.o
                0x00000000000e0d3c                _write
 *fill*         0x00000000000e0dc4       0x3c 
 .text.trap     0x00000000000e0e00       0x7c ./sf1_sdk/SoC/anlogic/Common/Source/GCC/intexc_anlogic.o
                0x00000000000e0e00                exc_entry
 *fill*         0x00000000000e0e7c        0x0 
 .text.irq      0x00000000000e0e7c       0x76 ./sf1_sdk/SoC/anlogic/Common/Source/GCC/intexc_anlogic.o
                0x00000000000e0e7c                irq_entry
                0x00000000000e0eee                default_intexc_handler
 .text.anl_putchar
                0x00000000000e0ef2       0x24 ./sf1_sdk/SoC/anlogic/Common/Source/Drivers/anl_printf.o
                0x00000000000e0ef2                anl_putchar
 .text.printf_c
                0x00000000000e0f16       0x22 ./sf1_sdk/SoC/anlogic/Common/Source/Drivers/anl_printf.o
 .text.printf_s
                0x00000000000e0f38       0x38 ./sf1_sdk/SoC/anlogic/Common/Source/Drivers/anl_printf.o
 .text.printf_d
                0x00000000000e0f70       0xa6 ./sf1_sdk/SoC/anlogic/Common/Source/Drivers/anl_printf.o
 .text.anl_printf
                0x00000000000e1016      0x120 ./sf1_sdk/SoC/anlogic/Common/Source/Drivers/anl_printf.o
                0x00000000000e1016                anl_printf
 .text.misc_get_clock_divide
                0x00000000000e1136       0x18 ./sf1_sdk/SoC/anlogic/Common/Source/Drivers/nuclei_misc.o
                0x00000000000e1136                misc_get_clock_divide
 .text.uart_init
                0x00000000000e114e       0xa6 ./sf1_sdk/SoC/anlogic/Common/Source/Drivers/nuclei_uart.o
                0x00000000000e114e                uart_init
 .text.uart_write
                0x00000000000e11f4       0x42 ./sf1_sdk/SoC/anlogic/Common/Source/Drivers/nuclei_uart.o
                0x00000000000e11f4                uart_write
 .text.uart_read
                0x00000000000e1236       0x40 ./sf1_sdk/SoC/anlogic/Common/Source/Drivers/nuclei_uart.o
                0x00000000000e1236                uart_read
 .text.SystemInit
                0x00000000000e1276       0x30 ./sf1_sdk/SoC/anlogic/Common/Source/system_nuclei.o
                0x00000000000e1276                SystemInit
 .text.system_default_exception_handler
                0x00000000000e12a6       0x4e ./sf1_sdk/SoC/anlogic/Common/Source/system_nuclei.o
 .text.Exception_Init
                0x00000000000e12f4       0x44 ./sf1_sdk/SoC/anlogic/Common/Source/system_nuclei.o
 .text.core_exception_handler
                0x00000000000e1338       0x88 ./sf1_sdk/SoC/anlogic/Common/Source/system_nuclei.o
                0x00000000000e1338                core_exception_handler
 .text.SystemBannerPrint
                0x00000000000e13c0       0x7e ./sf1_sdk/SoC/anlogic/Common/Source/system_nuclei.o
                0x00000000000e13c0                SystemBannerPrint
 .text.ECLIC_Init
                0x00000000000e143e       0x88 ./sf1_sdk/SoC/anlogic/Common/Source/system_nuclei.o
                0x00000000000e143e                ECLIC_Init
 .text._init    0x00000000000e14c6       0x26 ./sf1_sdk/SoC/anlogic/Common/Source/system_nuclei.o
                0x00000000000e14c6                _init
 .text._fini    0x00000000000e14ec        0xe ./sf1_sdk/SoC/anlogic/Common/Source/system_nuclei.o
                0x00000000000e14ec                _fini
 .text.convolution_real
                0x00000000000e14fa      0x1e8 ./application/main.o
                0x00000000000e14fa                convolution_real
 .text.print16_t_array
                0x00000000000e16e2       0xf2 ./application/main.o
                0x00000000000e16e2                print16_t_array
 .text.print_int_array
                0x00000000000e17d4       0xf8 ./application/main.o
                0x00000000000e17d4                print_int_array
 .text.convolution
                0x00000000000e18cc      0x260 ./application/main.o
                0x00000000000e18cc                convolution
 .text.max_pool_relu
                0x00000000000e1b2c      0x20c ./application/main.o
                0x00000000000e1b2c                max_pool_relu
 .text.max_pool_relu_int
                0x00000000000e1d38      0x1d6 ./application/main.o
                0x00000000000e1d38                max_pool_relu_int
 .text.add_bias
                0x00000000000e1f0e      0x184 ./application/main.o
                0x00000000000e1f0e                add_bias
 .text.flattenAndMerge
                0x00000000000e2092      0x198 ./application/main.o
                0x00000000000e2092                flattenAndMerge
 .text.fc_opt   0x00000000000e222a       0xb6 ./application/main.o
                0x00000000000e222a                fc_opt
 .text.findMaxIndex
                0x00000000000e22e0       0xb0 ./application/main.o
                0x00000000000e22e0                findMaxIndex
 .text.main     0x00000000000e2390      0x946 ./application/main.o
                0x00000000000e2390                main
 .text.atexit   0x00000000000e2cd6        0xa f:/al/futuredynasty/toolchain/sf1/gcc/bin/../lib/gcc/riscv-nuclei-elf/9.2.0/../../../../riscv-nuclei-elf/lib/rv32imac/ilp32\libg_nano.a(lib_a-atexit.o)
                0x00000000000e2cd6                atexit
 .text.__libc_fini_array
                0x00000000000e2ce0       0x3a f:/al/futuredynasty/toolchain/sf1/gcc/bin/../lib/gcc/riscv-nuclei-elf/9.2.0/../../../../riscv-nuclei-elf/lib/rv32imac/ilp32\libg_nano.a(lib_a-fini.o)
                0x00000000000e2ce0                __libc_fini_array
 .text.__libc_init_array
                0x00000000000e2d1a       0x6e f:/al/futuredynasty/toolchain/sf1/gcc/bin/../lib/gcc/riscv-nuclei-elf/9.2.0/../../../../riscv-nuclei-elf/lib/rv32imac/ilp32\libg_nano.a(lib_a-init.o)
                0x00000000000e2d1a                __libc_init_array
 .text.memcpy   0x00000000000e2d88       0xd4 f:/al/futuredynasty/toolchain/sf1/gcc/bin/../lib/gcc/riscv-nuclei-elf/9.2.0/../../../../riscv-nuclei-elf/lib/rv32imac/ilp32\libg_nano.a(lib_a-memcpy.o)
                0x00000000000e2d88                memcpy
 .text.printf   0x00000000000e2e5c       0x3a f:/al/futuredynasty/toolchain/sf1/gcc/bin/../lib/gcc/riscv-nuclei-elf/9.2.0/../../../../riscv-nuclei-elf/lib/rv32imac/ilp32\libg_nano.a(lib_a-printf.o)
                0x00000000000e2e5c                iprintf
                0x00000000000e2e5c                printf
 .text._puts_r  0x00000000000e2e96       0xda f:/al/futuredynasty/toolchain/sf1/gcc/bin/../lib/gcc/riscv-nuclei-elf/9.2.0/../../../../riscv-nuclei-elf/lib/rv32imac/ilp32\libg_nano.a(lib_a-puts.o)
                0x00000000000e2e96                _puts_r
 .text.puts     0x00000000000e2f70        0x8 f:/al/futuredynasty/toolchain/sf1/gcc/bin/../lib/gcc/riscv-nuclei-elf/9.2.0/../../../../riscv-nuclei-elf/lib/rv32imac/ilp32\libg_nano.a(lib_a-puts.o)
                0x00000000000e2f70                puts
 .text.isatty   0x00000000000e2f78        0x4 f:/al/futuredynasty/toolchain/sf1/gcc/bin/../lib/gcc/riscv-nuclei-elf/9.2.0/../../../../riscv-nuclei-elf/lib/rv32imac/ilp32\libg_nano.a(lib_a-sysisatty.o)
                0x00000000000e2f78                isatty
 .text.__swbuf_r
                0x00000000000e2f7c       0xc0 f:/al/futuredynasty/toolchain/sf1/gcc/bin/../lib/gcc/riscv-nuclei-elf/9.2.0/../../../../riscv-nuclei-elf/lib/rv32imac/ilp32\libg_nano.a(lib_a-wbuf.o)
                0x00000000000e2f7c                __swbuf_r
 .text.__swsetup_r
                0x00000000000e303c      0x106 f:/al/futuredynasty/toolchain/sf1/gcc/bin/../lib/gcc/riscv-nuclei-elf/9.2.0/../../../../riscv-nuclei-elf/lib/rv32imac/ilp32\libg_nano.a(lib_a-wsetup.o)
                0x00000000000e303c                __swsetup_r
 .text.__register_exitproc
                0x00000000000e3142       0x7c f:/al/futuredynasty/toolchain/sf1/gcc/bin/../lib/gcc/riscv-nuclei-elf/9.2.0/../../../../riscv-nuclei-elf/lib/rv32imac/ilp32\libg_nano.a(lib_a-__atexit.o)
                0x00000000000e3142                __register_exitproc
 .text.__sflush_r
                0x00000000000e31be      0x14a f:/al/futuredynasty/toolchain/sf1/gcc/bin/../lib/gcc/riscv-nuclei-elf/9.2.0/../../../../riscv-nuclei-elf/lib/rv32imac/ilp32\libg_nano.a(lib_a-fflush.o)
                0x00000000000e31be                __sflush_r
 .text._fflush_r
                0x00000000000e3308       0x64 f:/al/futuredynasty/toolchain/sf1/gcc/bin/../lib/gcc/riscv-nuclei-elf/9.2.0/../../../../riscv-nuclei-elf/lib/rv32imac/ilp32\libg_nano.a(lib_a-fflush.o)
                0x00000000000e3308                _fflush_r
 .text.std      0x00000000000e336c       0x68 f:/al/futuredynasty/toolchain/sf1/gcc/bin/../lib/gcc/riscv-nuclei-elf/9.2.0/../../../../riscv-nuclei-elf/lib/rv32imac/ilp32\libg_nano.a(lib_a-findfp.o)
 .text._cleanup_r
                0x00000000000e33d4        0xa f:/al/futuredynasty/toolchain/sf1/gcc/bin/../lib/gcc/riscv-nuclei-elf/9.2.0/../../../../riscv-nuclei-elf/lib/rv32imac/ilp32\libg_nano.a(lib_a-findfp.o)
                0x00000000000e33d4                _cleanup_r
 .text.__sfmoreglue
                0x00000000000e33de       0x44 f:/al/futuredynasty/toolchain/sf1/gcc/bin/../lib/gcc/riscv-nuclei-elf/9.2.0/../../../../riscv-nuclei-elf/lib/rv32imac/ilp32\libg_nano.a(lib_a-findfp.o)
                0x00000000000e33de                __sfmoreglue
 .text.__sinit  0x00000000000e3422       0x66 f:/al/futuredynasty/toolchain/sf1/gcc/bin/../lib/gcc/riscv-nuclei-elf/9.2.0/../../../../riscv-nuclei-elf/lib/rv32imac/ilp32\libg_nano.a(lib_a-findfp.o)
                0x00000000000e3422                __sinit
 .text.__sfp    0x00000000000e3488       0x98 f:/al/futuredynasty/toolchain/sf1/gcc/bin/../lib/gcc/riscv-nuclei-elf/9.2.0/../../../../riscv-nuclei-elf/lib/rv32imac/ilp32\libg_nano.a(lib_a-findfp.o)
                0x00000000000e3488                __sfp
 .text._fwalk_reent
                0x00000000000e3520       0x6a f:/al/futuredynasty/toolchain/sf1/gcc/bin/../lib/gcc/riscv-nuclei-elf/9.2.0/../../../../riscv-nuclei-elf/lib/rv32imac/ilp32\libg_nano.a(lib_a-fwalk.o)
                0x00000000000e3520                _fwalk_reent
 .text.__swhatbuf_r
                0x00000000000e358a       0x5a f:/al/futuredynasty/toolchain/sf1/gcc/bin/../lib/gcc/riscv-nuclei-elf/9.2.0/../../../../riscv-nuclei-elf/lib/rv32imac/ilp32\libg_nano.a(lib_a-makebuf.o)
                0x00000000000e358a                __swhatbuf_r
 .text.__smakebuf_r
                0x00000000000e35e4       0x9c f:/al/futuredynasty/toolchain/sf1/gcc/bin/../lib/gcc/riscv-nuclei-elf/9.2.0/../../../../riscv-nuclei-elf/lib/rv32imac/ilp32\libg_nano.a(lib_a-makebuf.o)
                0x00000000000e35e4                __smakebuf_r
 .text          0x00000000000e3680       0xa8 f:/al/futuredynasty/toolchain/sf1/gcc/bin/../lib/gcc/riscv-nuclei-elf/9.2.0/../../../../riscv-nuclei-elf/lib/rv32imac/ilp32\libg_nano.a(lib_a-memset.o)
                0x00000000000e3680                memset
 .text._free_r  0x00000000000e3728       0xa6 f:/al/futuredynasty/toolchain/sf1/gcc/bin/../lib/gcc/riscv-nuclei-elf/9.2.0/../../../../riscv-nuclei-elf/lib/rv32imac/ilp32\libg_nano.a(lib_a-nano-freer.o)
                0x00000000000e3728                _free_r
 .text._malloc_r
                0x00000000000e37ce       0xda f:/al/futuredynasty/toolchain/sf1/gcc/bin/../lib/gcc/riscv-nuclei-elf/9.2.0/../../../../riscv-nuclei-elf/lib/rv32imac/ilp32\libg_nano.a(lib_a-nano-mallocr.o)
                0x00000000000e37ce                _malloc_r
 .text.__sfputc_r
                0x00000000000e38a8       0x2a f:/al/futuredynasty/toolchain/sf1/gcc/bin/../lib/gcc/riscv-nuclei-elf/9.2.0/../../../../riscv-nuclei-elf/lib/rv32imac/ilp32\libg_nano.a(lib_a-nano-vfprintf.o)
 .text.__sfputs_r
                0x00000000000e38d2       0x42 f:/al/futuredynasty/toolchain/sf1/gcc/bin/../lib/gcc/riscv-nuclei-elf/9.2.0/../../../../riscv-nuclei-elf/lib/rv32imac/ilp32\libg_nano.a(lib_a-nano-vfprintf.o)
                0x00000000000e38d2                __sfputs_r
 .text._vfprintf_r
                0x00000000000e3914      0x29a f:/al/futuredynasty/toolchain/sf1/gcc/bin/../lib/gcc/riscv-nuclei-elf/9.2.0/../../../../riscv-nuclei-elf/lib/rv32imac/ilp32\libg_nano.a(lib_a-nano-vfprintf.o)
                0x00000000000e3914                _vfprintf_r
                0x00000000000e3914                _vfiprintf_r
 .text._sbrk_r  0x00000000000e3bae       0x28 f:/al/futuredynasty/toolchain/sf1/gcc/bin/../lib/gcc/riscv-nuclei-elf/9.2.0/../../../../riscv-nuclei-elf/lib/rv32imac/ilp32\libg_nano.a(lib_a-sbrkr.o)
                0x00000000000e3bae                _sbrk_r
 .text.__sread  0x00000000000e3bd6       0x30 f:/al/futuredynasty/toolchain/sf1/gcc/bin/../lib/gcc/riscv-nuclei-elf/9.2.0/../../../../riscv-nuclei-elf/lib/rv32imac/ilp32\libg_nano.a(lib_a-stdio.o)
                0x00000000000e3bd6                __sread
 .text.__swrite
                0x00000000000e3c06       0x4e f:/al/futuredynasty/toolchain/sf1/gcc/bin/../lib/gcc/riscv-nuclei-elf/9.2.0/../../../../riscv-nuclei-elf/lib/rv32imac/ilp32\libg_nano.a(lib_a-stdio.o)
                0x00000000000e3c06                __swrite
 .text.__sseek  0x00000000000e3c54       0x36 f:/al/futuredynasty/toolchain/sf1/gcc/bin/../lib/gcc/riscv-nuclei-elf/9.2.0/../../../../riscv-nuclei-elf/lib/rv32imac/ilp32\libg_nano.a(lib_a-stdio.o)
                0x00000000000e3c54                __sseek
 .text.__sclose
                0x00000000000e3c8a        0x6 f:/al/futuredynasty/toolchain/sf1/gcc/bin/../lib/gcc/riscv-nuclei-elf/9.2.0/../../../../riscv-nuclei-elf/lib/rv32imac/ilp32\libg_nano.a(lib_a-stdio.o)
                0x00000000000e3c8a                __sclose
 .text._write_r
                0x00000000000e3c90       0x2c f:/al/futuredynasty/toolchain/sf1/gcc/bin/../lib/gcc/riscv-nuclei-elf/9.2.0/../../../../riscv-nuclei-elf/lib/rv32imac/ilp32\libg_nano.a(lib_a-writer.o)
                0x00000000000e3c90                _write_r
 .text._close_r
                0x00000000000e3cbc       0x28 f:/al/futuredynasty/toolchain/sf1/gcc/bin/../lib/gcc/riscv-nuclei-elf/9.2.0/../../../../riscv-nuclei-elf/lib/rv32imac/ilp32\libg_nano.a(lib_a-closer.o)
                0x00000000000e3cbc                _close_r
 .text._fstat_r
                0x00000000000e3ce4       0x2a f:/al/futuredynasty/toolchain/sf1/gcc/bin/../lib/gcc/riscv-nuclei-elf/9.2.0/../../../../riscv-nuclei-elf/lib/rv32imac/ilp32\libg_nano.a(lib_a-fstatr.o)
                0x00000000000e3ce4                _fstat_r
 .text._isatty_r
                0x00000000000e3d0e       0x28 f:/al/futuredynasty/toolchain/sf1/gcc/bin/../lib/gcc/riscv-nuclei-elf/9.2.0/../../../../riscv-nuclei-elf/lib/rv32imac/ilp32\libg_nano.a(lib_a-isattyr.o)
                0x00000000000e3d0e                _isatty_r
 .text._lseek_r
                0x00000000000e3d36       0x2c f:/al/futuredynasty/toolchain/sf1/gcc/bin/../lib/gcc/riscv-nuclei-elf/9.2.0/../../../../riscv-nuclei-elf/lib/rv32imac/ilp32\libg_nano.a(lib_a-lseekr.o)
                0x00000000000e3d36                _lseek_r
 .text.memchr   0x00000000000e3d62       0x1a f:/al/futuredynasty/toolchain/sf1/gcc/bin/../lib/gcc/riscv-nuclei-elf/9.2.0/../../../../riscv-nuclei-elf/lib/rv32imac/ilp32\libg_nano.a(lib_a-memchr.o)
                0x00000000000e3d62                memchr
 .text.__malloc_lock
                0x00000000000e3d7c        0x2 f:/al/futuredynasty/toolchain/sf1/gcc/bin/../lib/gcc/riscv-nuclei-elf/9.2.0/../../../../riscv-nuclei-elf/lib/rv32imac/ilp32\libg_nano.a(lib_a-mlock.o)
                0x00000000000e3d7c                __malloc_lock
 .text.__malloc_unlock
                0x00000000000e3d7e        0x2 f:/al/futuredynasty/toolchain/sf1/gcc/bin/../lib/gcc/riscv-nuclei-elf/9.2.0/../../../../riscv-nuclei-elf/lib/rv32imac/ilp32\libg_nano.a(lib_a-mlock.o)
                0x00000000000e3d7e                __malloc_unlock
 .text._printf_common
                0x00000000000e3d80      0x10c f:/al/futuredynasty/toolchain/sf1/gcc/bin/../lib/gcc/riscv-nuclei-elf/9.2.0/../../../../riscv-nuclei-elf/lib/rv32imac/ilp32\libg_nano.a(lib_a-nano-vfprintf_i.o)
                0x00000000000e3d80                _printf_common
 .text._printf_i
                0x00000000000e3e8c      0x272 f:/al/futuredynasty/toolchain/sf1/gcc/bin/../lib/gcc/riscv-nuclei-elf/9.2.0/../../../../riscv-nuclei-elf/lib/rv32imac/ilp32\libg_nano.a(lib_a-nano-vfprintf_i.o)
                0x00000000000e3e8c                _printf_i
 .text._read_r  0x00000000000e40fe       0x2c f:/al/futuredynasty/toolchain/sf1/gcc/bin/../lib/gcc/riscv-nuclei-elf/9.2.0/../../../../riscv-nuclei-elf/lib/rv32imac/ilp32\libg_nano.a(lib_a-readr.o)
                0x00000000000e40fe                _read_r
 *(.gnu.linkonce.t.*)

.rela.dyn       0x00000000000e412c        0x0
 .rela.sdata.curbrk.1969
                0x00000000000e412c        0x0 ./sf1_sdk/SoC/anlogic/Common/Source/Stubs/close.o
 .rela.text._sbrk
                0x00000000000e412c        0x0 ./sf1_sdk/SoC/anlogic/Common/Source/Stubs/close.o
 .rela.init     0x00000000000e412c        0x0 ./sf1_sdk/SoC/anlogic/Common/Source/Stubs/close.o
 .rela.text.__libc_fini_array
                0x00000000000e412c        0x0 ./sf1_sdk/SoC/anlogic/Common/Source/Stubs/close.o
 .rela.text.__libc_init_array
                0x00000000000e412c        0x0 ./sf1_sdk/SoC/anlogic/Common/Source/Stubs/close.o
 .rela.text.__register_exitproc
                0x00000000000e412c        0x0 ./sf1_sdk/SoC/anlogic/Common/Source/Stubs/close.o
 .rela.text._vfprintf_r
                0x00000000000e412c        0x0 ./sf1_sdk/SoC/anlogic/Common/Source/Stubs/close.o
 .rela.text._sbrk_r
                0x00000000000e412c        0x0 ./sf1_sdk/SoC/anlogic/Common/Source/Stubs/close.o
 .rela.text._write_r
                0x00000000000e412c        0x0 ./sf1_sdk/SoC/anlogic/Common/Source/Stubs/close.o
 .rela.text._close_r
                0x00000000000e412c        0x0 ./sf1_sdk/SoC/anlogic/Common/Source/Stubs/close.o
 .rela.text._fstat_r
                0x00000000000e412c        0x0 ./sf1_sdk/SoC/anlogic/Common/Source/Stubs/close.o
 .rela.text._isatty_r
                0x00000000000e412c        0x0 ./sf1_sdk/SoC/anlogic/Common/Source/Stubs/close.o
 .rela.text._lseek_r
                0x00000000000e412c        0x0 ./sf1_sdk/SoC/anlogic/Common/Source/Stubs/close.o
 .rela.text._read_r
                0x00000000000e412c        0x0 ./sf1_sdk/SoC/anlogic/Common/Source/Stubs/close.o

.fini
 *(SORT_NONE(.fini))
                0x00000000000e412c                . = ALIGN (0x4)
                [!provide]                        PROVIDE (__etext = .)
                [!provide]                        PROVIDE (_etext = .)
                [!provide]                        PROVIDE (etext = .)
                0x00000000000e412c                PROVIDE (_eilm = .)

.preinit_array  0x00000000000e412a        0x0
                0x00000000000e412a                PROVIDE (__preinit_array_start = .)
 *(.preinit_array)
                0x00000000000e412a                PROVIDE (__preinit_array_end = .)

.init_array     0x00000000000e412a        0x0
                0x00000000000e412a                PROVIDE (__init_array_start = .)
 *(SORT_BY_INIT_PRIORITY(.init_array.*) SORT_BY_INIT_PRIORITY(.ctors.*))
 *(.init_array EXCLUDE_FILE(*crtend?.o *crtend.o *crtbegin?.o *crtbegin.o) .ctors)
                0x00000000000e412a                PROVIDE (__init_array_end = .)

.fini_array     0x00000000000e412a        0x0
                0x00000000000e412a                PROVIDE (__fini_array_start = .)
 *(SORT_BY_INIT_PRIORITY(.fini_array.*) SORT_BY_INIT_PRIORITY(.dtors.*))
 *(.fini_array EXCLUDE_FILE(*crtend?.o *crtend.o *crtbegin?.o *crtbegin.o) .dtors)
                0x00000000000e412a                PROVIDE (__fini_array_end = .)

.ctors
 *crtbegin.o(.ctors)
 *crtbegin?.o(.ctors)
 *(EXCLUDE_FILE(*crtend?.o *crtend.o) .ctors)
 *(SORT_BY_NAME(.ctors.*))
 *(.ctors)

.dtors
 *crtbegin.o(.dtors)
 *crtbegin?.o(.dtors)
 *(EXCLUDE_FILE(*crtend?.o *crtend.o) .dtors)
 *(SORT_BY_NAME(.dtors.*))
 *(.dtors)

.lalign         0x00000000000e412a        0x2
                0x00000000000e412c                . = ALIGN (0x4)
 *fill*         0x00000000000e412a        0x2 
                0x00000000000e412c                PROVIDE (_data_lma = .)

.dalign         0x0000000020000000        0x0 load address 0x00000000000e412c
                0x0000000020000000                . = ALIGN (0x4)
                0x0000000020000000                PROVIDE (_data = .)

.data           0x0000000020000000      0x910 load address 0x00000000000e412c
 *(.gnu.linkonce.r.*)
 *(.data .data.*)
 .data.img_array_1
                0x0000000020000000      0x310 ./application/main.o
                0x0000000020000000                img_array_1
 .data.img_array_2
                0x0000000020000310      0x310 ./application/main.o
                0x0000000020000310                img_array_2
 .data.weight_1_1
                0x0000000020000620       0x32 ./application/main.o
                0x0000000020000620                weight_1_1
 *fill*         0x0000000020000652        0x2 
 .data.weight_1_2
                0x0000000020000654       0x32 ./application/main.o
                0x0000000020000654                weight_1_2
 *fill*         0x0000000020000686        0x2 
 .data.weight_1_3
                0x0000000020000688       0x32 ./application/main.o
                0x0000000020000688                weight_1_3
 *fill*         0x00000000200006ba        0x2 
 .data.weight_2_11
                0x00000000200006bc       0x32 ./application/main.o
                0x00000000200006bc                weight_2_11
 *fill*         0x00000000200006ee        0x2 
 .data.weight_2_12
                0x00000000200006f0       0x32 ./application/main.o
                0x00000000200006f0                weight_2_12
 *fill*         0x0000000020000722        0x2 
 .data.weight_2_13
                0x0000000020000724       0x32 ./application/main.o
                0x0000000020000724                weight_2_13
 *fill*         0x0000000020000756        0x2 
 .data.weight_2_21
                0x0000000020000758       0x32 ./application/main.o
                0x0000000020000758                weight_2_21
 *fill*         0x000000002000078a        0x2 
 .data.weight_2_22
                0x000000002000078c       0x32 ./application/main.o
                0x000000002000078c                weight_2_22
 *fill*         0x00000000200007be        0x2 
 .data.weight_2_23
                0x00000000200007c0       0x32 ./application/main.o
                0x00000000200007c0                weight_2_23
 *fill*         0x00000000200007f2        0x2 
 .data.weight_2_31
                0x00000000200007f4       0x32 ./application/main.o
                0x00000000200007f4                weight_2_31
 *fill*         0x0000000020000826        0x2 
 .data.weight_2_32
                0x0000000020000828       0x32 ./application/main.o
                0x0000000020000828                weight_2_32
 *fill*         0x000000002000085a        0x2 
 .data.weight_2_33
                0x000000002000085c       0x32 ./application/main.o
                0x000000002000085c                weight_2_33
 *fill*         0x000000002000088e        0x2 
 .data.impure_data
                0x0000000020000890       0x60 f:/al/futuredynasty/toolchain/sf1/gcc/bin/../lib/gcc/riscv-nuclei-elf/9.2.0/../../../../riscv-nuclei-elf/lib/rv32imac/ilp32\libg_nano.a(lib_a-impure.o)
 *(.gnu.linkonce.d.*)
                0x00000000200008f0                . = ALIGN (0x8)
                0x00000000200010f0                PROVIDE (__global_pointer$ = (. + 0x800))
 *(.sdata .sdata.* .sdata*)
 .sdata.curbrk.1969
                0x00000000200008f0        0x4 ./sf1_sdk/SoC/anlogic/Common/Source/Stubs/sbrk.o
 .sdata.SystemCoreClock
                0x00000000200008f4        0x4 ./sf1_sdk/SoC/anlogic/Common/Source/system_nuclei.o
                0x00000000200008f4                SystemCoreClock
 .sdata.bias    0x00000000200008f8        0x6 ./application/main.o
                0x00000000200008f8                bias
 *fill*         0x00000000200008fe        0x2 
 .sdata.bias_2  0x0000000020000900        0x6 ./application/main.o
                0x0000000020000900                bias_2
 *fill*         0x0000000020000906        0x2 
 .sdata._impure_ptr
                0x0000000020000908        0x4 f:/al/futuredynasty/toolchain/sf1/gcc/bin/../lib/gcc/riscv-nuclei-elf/9.2.0/../../../../riscv-nuclei-elf/lib/rv32imac/ilp32\libg_nano.a(lib_a-impure.o)
                0x0000000020000908                _impure_ptr
 .sdata2._global_impure_ptr
                0x000000002000090c        0x4 f:/al/futuredynasty/toolchain/sf1/gcc/bin/../lib/gcc/riscv-nuclei-elf/9.2.0/../../../../riscv-nuclei-elf/lib/rv32imac/ilp32\libg_nano.a(lib_a-impure.o)
                0x000000002000090c                _global_impure_ptr
 *(.gnu.linkonce.s.*)
                0x0000000020000910                . = ALIGN (0x8)
 *(.srodata.cst16)
 *(.srodata.cst8)
 *(.srodata.cst4)
 *(.srodata.cst2)
 *(.srodata .srodata.*)
                0x0000000020000910                . = ALIGN (0x4)
                0x0000000020000910                PROVIDE (_edata = .)
                [!provide]                        PROVIDE (edata = .)
                [!provide]                        PROVIDE (_fbss = .)
                0x0000000020000910                PROVIDE (__bss_start = .)

.bss            0x0000000020000910       0xd0
 *(.sbss*)
 .sbss._global_atexit
                0x0000000020000910        0x4 f:/al/futuredynasty/toolchain/sf1/gcc/bin/../lib/gcc/riscv-nuclei-elf/9.2.0/../../../../riscv-nuclei-elf/lib/rv32imac/ilp32\libg_nano.a(lib_a-__call_atexit.o)
                0x0000000020000910                _global_atexit
 .sbss.__malloc_free_list
                0x0000000020000914        0x4 f:/al/futuredynasty/toolchain/sf1/gcc/bin/../lib/gcc/riscv-nuclei-elf/9.2.0/../../../../riscv-nuclei-elf/lib/rv32imac/ilp32\libg_nano.a(lib_a-nano-mallocr.o)
                0x0000000020000914                __malloc_free_list
 .sbss.__malloc_sbrk_start
                0x0000000020000918        0x4 f:/al/futuredynasty/toolchain/sf1/gcc/bin/../lib/gcc/riscv-nuclei-elf/9.2.0/../../../../riscv-nuclei-elf/lib/rv32imac/ilp32\libg_nano.a(lib_a-nano-mallocr.o)
                0x0000000020000918                __malloc_sbrk_start
 *(.gnu.linkonce.sb.*)
 *(.bss .bss.*)
 .bss.SystemExceptionHandlers
                0x000000002000091c       0x34 ./sf1_sdk/SoC/anlogic/Common/Source/system_nuclei.o
 .bss._global_atexit0
                0x0000000020000950       0x8c f:/al/futuredynasty/toolchain/sf1/gcc/bin/../lib/gcc/riscv-nuclei-elf/9.2.0/../../../../riscv-nuclei-elf/lib/rv32imac/ilp32\libg_nano.a(lib_a-__atexit.o)
 *(.gnu.linkonce.b.*)
 *(COMMON)
 COMMON         0x00000000200009dc        0x4 f:/al/futuredynasty/toolchain/sf1/gcc/bin/../lib/gcc/riscv-nuclei-elf/9.2.0/../../../../riscv-nuclei-elf/lib/rv32imac/ilp32\libg_nano.a(lib_a-reent.o)
                0x00000000200009dc                errno
                0x00000000200009e0                . = ALIGN (0x4)
                0x00000000200009e0                . = ALIGN (0x8)
                0x00000000200009e0                PROVIDE (_end = .)
                [!provide]                        PROVIDE (end = .)

.stack          0x0000000020001400      0xc00 load address 0x00000000200009e0
                0x0000000020001400                PROVIDE (_heap_end = .)
                0x0000000000000400                . = __int_stack_size
 *fill*         0x0000000020001400      0x400 
                [!provide]                        PROVIDE (_int_sp = .)
                0x0000000020002000                . = (. + __stack_size)
 *fill*         0x0000000020001800      0x800 
                0x0000000020002000                PROVIDE (_sp = .)
OUTPUT(T1.elf elf32-littleriscv)

.debug_info     0x0000000000000000     0x8aa0
 .debug_info    0x0000000000000000      0x992 ./sf1_sdk/SoC/anlogic/Common/Source/Stubs/close.o
 .debug_info    0x0000000000000992      0xc1f ./sf1_sdk/SoC/anlogic/Common/Source/Stubs/fstat.o
 .debug_info    0x00000000000015b1       0xf3 ./sf1_sdk/SoC/anlogic/Common/Source/Stubs/isatty.o
 .debug_info    0x00000000000016a4      0xa16 ./sf1_sdk/SoC/anlogic/Common/Source/Stubs/lseek.o
 .debug_info    0x00000000000020ba      0xaf6 ./sf1_sdk/SoC/anlogic/Common/Source/Stubs/read.o
 .debug_info    0x0000000000002bb0      0x137 ./sf1_sdk/SoC/anlogic/Common/Source/Stubs/sbrk.o
 .debug_info    0x0000000000002ce7      0xb19 ./sf1_sdk/SoC/anlogic/Common/Source/Stubs/write.o
 .debug_info    0x0000000000003800       0x22 ./sf1_sdk/SoC/anlogic/Common/Source/GCC/intexc_anlogic.o
 .debug_info    0x0000000000003822       0x22 ./sf1_sdk/SoC/anlogic/Common/Source/GCC/startup_anlogic.o
 .debug_info    0x0000000000003844      0xb37 ./sf1_sdk/SoC/anlogic/Common/Source/Drivers/anl_printf.o
 .debug_info    0x000000000000437b      0xb69 ./sf1_sdk/SoC/anlogic/Common/Source/Drivers/nuclei_misc.o
 .debug_info    0x0000000000004ee4      0xf7a ./sf1_sdk/SoC/anlogic/Common/Source/Drivers/nuclei_uart.o
 .debug_info    0x0000000000005e5e     0x14a4 ./sf1_sdk/SoC/anlogic/Common/Source/system_nuclei.o
 .debug_info    0x0000000000007302     0x179e ./application/main.o

.debug_abbrev   0x0000000000000000     0x1a9b
 .debug_abbrev  0x0000000000000000      0x203 ./sf1_sdk/SoC/anlogic/Common/Source/Stubs/close.o
 .debug_abbrev  0x0000000000000203      0x203 ./sf1_sdk/SoC/anlogic/Common/Source/Stubs/fstat.o
 .debug_abbrev  0x0000000000000406       0x73 ./sf1_sdk/SoC/anlogic/Common/Source/Stubs/isatty.o
 .debug_abbrev  0x0000000000000479      0x203 ./sf1_sdk/SoC/anlogic/Common/Source/Stubs/lseek.o
 .debug_abbrev  0x000000000000067c      0x212 ./sf1_sdk/SoC/anlogic/Common/Source/Stubs/read.o
 .debug_abbrev  0x000000000000088e       0xa8 ./sf1_sdk/SoC/anlogic/Common/Source/Stubs/sbrk.o
 .debug_abbrev  0x0000000000000936      0x231 ./sf1_sdk/SoC/anlogic/Common/Source/Stubs/write.o
 .debug_abbrev  0x0000000000000b67       0x12 ./sf1_sdk/SoC/anlogic/Common/Source/GCC/intexc_anlogic.o
 .debug_abbrev  0x0000000000000b79       0x12 ./sf1_sdk/SoC/anlogic/Common/Source/GCC/startup_anlogic.o
 .debug_abbrev  0x0000000000000b8b      0x271 ./sf1_sdk/SoC/anlogic/Common/Source/Drivers/anl_printf.o
 .debug_abbrev  0x0000000000000dfc      0x234 ./sf1_sdk/SoC/anlogic/Common/Source/Drivers/nuclei_misc.o
 .debug_abbrev  0x0000000000001030      0x29f ./sf1_sdk/SoC/anlogic/Common/Source/Drivers/nuclei_uart.o
 .debug_abbrev  0x00000000000012cf      0x4b5 ./sf1_sdk/SoC/anlogic/Common/Source/system_nuclei.o
 .debug_abbrev  0x0000000000001784      0x317 ./application/main.o

.debug_aranges  0x0000000000000000      0x3e8
 .debug_aranges
                0x0000000000000000       0x28 ./sf1_sdk/SoC/anlogic/Common/Source/Stubs/close.o
 .debug_aranges
                0x0000000000000028       0x28 ./sf1_sdk/SoC/anlogic/Common/Source/Stubs/fstat.o
 .debug_aranges
                0x0000000000000050       0x20 ./sf1_sdk/SoC/anlogic/Common/Source/Stubs/isatty.o
 .debug_aranges
                0x0000000000000070       0x28 ./sf1_sdk/SoC/anlogic/Common/Source/Stubs/lseek.o
 .debug_aranges
                0x0000000000000098       0x20 ./sf1_sdk/SoC/anlogic/Common/Source/Stubs/read.o
 .debug_aranges
                0x00000000000000b8       0x20 ./sf1_sdk/SoC/anlogic/Common/Source/Stubs/sbrk.o
 .debug_aranges
                0x00000000000000d8       0x20 ./sf1_sdk/SoC/anlogic/Common/Source/Stubs/write.o
 .debug_aranges
                0x00000000000000f8       0x28 ./sf1_sdk/SoC/anlogic/Common/Source/GCC/intexc_anlogic.o
 .debug_aranges
                0x0000000000000120       0x28 ./sf1_sdk/SoC/anlogic/Common/Source/GCC/startup_anlogic.o
 .debug_aranges
                0x0000000000000148       0x48 ./sf1_sdk/SoC/anlogic/Common/Source/Drivers/anl_printf.o
 .debug_aranges
                0x0000000000000190       0x88 ./sf1_sdk/SoC/anlogic/Common/Source/Drivers/nuclei_misc.o
 .debug_aranges
                0x0000000000000218       0xd8 ./sf1_sdk/SoC/anlogic/Common/Source/Drivers/nuclei_uart.o
 .debug_aranges
                0x00000000000002f0       0x78 ./sf1_sdk/SoC/anlogic/Common/Source/system_nuclei.o
 .debug_aranges
                0x0000000000000368       0x80 ./application/main.o

.debug_ranges   0x0000000000000000      0x318
 .debug_ranges  0x0000000000000000       0x18 ./sf1_sdk/SoC/anlogic/Common/Source/Stubs/close.o
 .debug_ranges  0x0000000000000018       0x18 ./sf1_sdk/SoC/anlogic/Common/Source/Stubs/fstat.o
 .debug_ranges  0x0000000000000030       0x10 ./sf1_sdk/SoC/anlogic/Common/Source/Stubs/isatty.o
 .debug_ranges  0x0000000000000040       0x18 ./sf1_sdk/SoC/anlogic/Common/Source/Stubs/lseek.o
 .debug_ranges  0x0000000000000058       0x10 ./sf1_sdk/SoC/anlogic/Common/Source/Stubs/read.o
 .debug_ranges  0x0000000000000068       0x10 ./sf1_sdk/SoC/anlogic/Common/Source/Stubs/sbrk.o
 .debug_ranges  0x0000000000000078       0x10 ./sf1_sdk/SoC/anlogic/Common/Source/Stubs/write.o
 .debug_ranges  0x0000000000000088       0x20 ./sf1_sdk/SoC/anlogic/Common/Source/GCC/intexc_anlogic.o
 .debug_ranges  0x00000000000000a8       0x20 ./sf1_sdk/SoC/anlogic/Common/Source/GCC/startup_anlogic.o
 .debug_ranges  0x00000000000000c8       0x38 ./sf1_sdk/SoC/anlogic/Common/Source/Drivers/anl_printf.o
 .debug_ranges  0x0000000000000100       0x78 ./sf1_sdk/SoC/anlogic/Common/Source/Drivers/nuclei_misc.o
 .debug_ranges  0x0000000000000178       0xc8 ./sf1_sdk/SoC/anlogic/Common/Source/Drivers/nuclei_uart.o
 .debug_ranges  0x0000000000000240       0x68 ./sf1_sdk/SoC/anlogic/Common/Source/system_nuclei.o
 .debug_ranges  0x00000000000002a8       0x70 ./application/main.o

.debug_line     0x0000000000000000     0x3e8c
 .debug_line    0x0000000000000000      0x167 ./sf1_sdk/SoC/anlogic/Common/Source/Stubs/close.o
 .debug_line    0x0000000000000167      0x23a ./sf1_sdk/SoC/anlogic/Common/Source/Stubs/fstat.o
 .debug_line    0x00000000000003a1       0xc3 ./sf1_sdk/SoC/anlogic/Common/Source/Stubs/isatty.o
 .debug_line    0x0000000000000464      0x17e ./sf1_sdk/SoC/anlogic/Common/Source/Stubs/lseek.o
 .debug_line    0x00000000000005e2      0x26f ./sf1_sdk/SoC/anlogic/Common/Source/Stubs/read.o
 .debug_line    0x0000000000000851      0x152 ./sf1_sdk/SoC/anlogic/Common/Source/Stubs/sbrk.o
 .debug_line    0x00000000000009a3      0x2c2 ./sf1_sdk/SoC/anlogic/Common/Source/Stubs/write.o
 .debug_line    0x0000000000000c65       0xd0 ./sf1_sdk/SoC/anlogic/Common/Source/GCC/intexc_anlogic.o
 .debug_line    0x0000000000000d35      0x1fd ./sf1_sdk/SoC/anlogic/Common/Source/GCC/startup_anlogic.o
 .debug_line    0x0000000000000f32      0x4e0 ./sf1_sdk/SoC/anlogic/Common/Source/Drivers/anl_printf.o
 .debug_line    0x0000000000001412      0x4a2 ./sf1_sdk/SoC/anlogic/Common/Source/Drivers/nuclei_misc.o
 .debug_line    0x00000000000018b4      0x991 ./sf1_sdk/SoC/anlogic/Common/Source/Drivers/nuclei_uart.o
 .debug_line    0x0000000000002245      0x8a9 ./sf1_sdk/SoC/anlogic/Common/Source/system_nuclei.o
 .debug_line    0x0000000000002aee     0x139e ./application/main.o

.debug_str      0x0000000000000000     0x181d
 .debug_str     0x0000000000000000      0x53a ./sf1_sdk/SoC/anlogic/Common/Source/Stubs/close.o
                                        0x5bb (size before relaxing)
 .debug_str     0x000000000000053a      0x18c ./sf1_sdk/SoC/anlogic/Common/Source/Stubs/fstat.o
                                        0x759 (size before relaxing)
 .debug_str     0x00000000000006c6       0x3c ./sf1_sdk/SoC/anlogic/Common/Source/Stubs/isatty.o
                                        0x1ec (size before relaxing)
 .debug_str     0x0000000000000702       0x3a ./sf1_sdk/SoC/anlogic/Common/Source/Stubs/lseek.o
                                        0x5fd (size before relaxing)
 .debug_str     0x000000000000073c       0x97 ./sf1_sdk/SoC/anlogic/Common/Source/Stubs/read.o
                                        0x671 (size before relaxing)
 .debug_str     0x00000000000007d3       0x58 ./sf1_sdk/SoC/anlogic/Common/Source/Stubs/sbrk.o
                                        0x20d (size before relaxing)
 .debug_str     0x000000000000082b       0x3c ./sf1_sdk/SoC/anlogic/Common/Source/Stubs/write.o
                                        0x673 (size before relaxing)
 .debug_str     0x0000000000000867       0x46 ./sf1_sdk/SoC/anlogic/Common/Source/GCC/intexc_anlogic.o
                                         0x98 (size before relaxing)
 .debug_str     0x00000000000008ad       0x3b ./sf1_sdk/SoC/anlogic/Common/Source/GCC/startup_anlogic.o
                                         0x99 (size before relaxing)
 .debug_str     0x00000000000008e8       0xa4 ./sf1_sdk/SoC/anlogic/Common/Source/Drivers/anl_printf.o
                                        0x67e (size before relaxing)
 .debug_str     0x000000000000098c      0x20c ./sf1_sdk/SoC/anlogic/Common/Source/Drivers/nuclei_misc.o
                                        0x7c1 (size before relaxing)
 .debug_str     0x0000000000000b98      0x318 ./sf1_sdk/SoC/anlogic/Common/Source/Drivers/nuclei_uart.o
                                        0x94a (size before relaxing)
 .debug_str     0x0000000000000eb0      0x67f ./sf1_sdk/SoC/anlogic/Common/Source/system_nuclei.o
                                        0xd06 (size before relaxing)
 .debug_str     0x000000000000152f      0x2ee ./application/main.o
                                        0x89d (size before relaxing)

.comment        0x0000000000000000       0x11
 .comment       0x0000000000000000       0x11 ./sf1_sdk/SoC/anlogic/Common/Source/Stubs/close.o
                                         0x12 (size before relaxing)
 .comment       0x0000000000000011       0x12 ./sf1_sdk/SoC/anlogic/Common/Source/Stubs/fstat.o
 .comment       0x0000000000000011       0x12 ./sf1_sdk/SoC/anlogic/Common/Source/Stubs/isatty.o
 .comment       0x0000000000000011       0x12 ./sf1_sdk/SoC/anlogic/Common/Source/Stubs/lseek.o
 .comment       0x0000000000000011       0x12 ./sf1_sdk/SoC/anlogic/Common/Source/Stubs/read.o
 .comment       0x0000000000000011       0x12 ./sf1_sdk/SoC/anlogic/Common/Source/Stubs/sbrk.o
 .comment       0x0000000000000011       0x12 ./sf1_sdk/SoC/anlogic/Common/Source/Stubs/write.o
 .comment       0x0000000000000011       0x12 ./sf1_sdk/SoC/anlogic/Common/Source/Drivers/anl_printf.o
 .comment       0x0000000000000011       0x12 ./sf1_sdk/SoC/anlogic/Common/Source/Drivers/nuclei_misc.o
 .comment       0x0000000000000011       0x12 ./sf1_sdk/SoC/anlogic/Common/Source/Drivers/nuclei_uart.o
 .comment       0x0000000000000011       0x12 ./sf1_sdk/SoC/anlogic/Common/Source/system_nuclei.o
 .comment       0x0000000000000011       0x12 ./application/main.o
 .comment       0x0000000000000011       0x12 f:/al/futuredynasty/toolchain/sf1/gcc/bin/../lib/gcc/riscv-nuclei-elf/9.2.0/../../../../riscv-nuclei-elf/lib/rv32imac/ilp32\libg_nano.a(lib_a-atexit.o)
 .comment       0x0000000000000011       0x12 f:/al/futuredynasty/toolchain/sf1/gcc/bin/../lib/gcc/riscv-nuclei-elf/9.2.0/../../../../riscv-nuclei-elf/lib/rv32imac/ilp32\libg_nano.a(lib_a-fini.o)
 .comment       0x0000000000000011       0x12 f:/al/futuredynasty/toolchain/sf1/gcc/bin/../lib/gcc/riscv-nuclei-elf/9.2.0/../../../../riscv-nuclei-elf/lib/rv32imac/ilp32\libg_nano.a(lib_a-init.o)
 .comment       0x0000000000000011       0x12 f:/al/futuredynasty/toolchain/sf1/gcc/bin/../lib/gcc/riscv-nuclei-elf/9.2.0/../../../../riscv-nuclei-elf/lib/rv32imac/ilp32\libg_nano.a(lib_a-memcpy.o)
 .comment       0x0000000000000011       0x12 f:/al/futuredynasty/toolchain/sf1/gcc/bin/../lib/gcc/riscv-nuclei-elf/9.2.0/../../../../riscv-nuclei-elf/lib/rv32imac/ilp32\libg_nano.a(lib_a-printf.o)
 .comment       0x0000000000000011       0x12 f:/al/futuredynasty/toolchain/sf1/gcc/bin/../lib/gcc/riscv-nuclei-elf/9.2.0/../../../../riscv-nuclei-elf/lib/rv32imac/ilp32\libg_nano.a(lib_a-puts.o)
 .comment       0x0000000000000011       0x12 f:/al/futuredynasty/toolchain/sf1/gcc/bin/../lib/gcc/riscv-nuclei-elf/9.2.0/../../../../riscv-nuclei-elf/lib/rv32imac/ilp32\libg_nano.a(lib_a-sysisatty.o)
 .comment       0x0000000000000011       0x12 f:/al/futuredynasty/toolchain/sf1/gcc/bin/../lib/gcc/riscv-nuclei-elf/9.2.0/../../../../riscv-nuclei-elf/lib/rv32imac/ilp32\libg_nano.a(lib_a-wbuf.o)
 .comment       0x0000000000000011       0x12 f:/al/futuredynasty/toolchain/sf1/gcc/bin/../lib/gcc/riscv-nuclei-elf/9.2.0/../../../../riscv-nuclei-elf/lib/rv32imac/ilp32\libg_nano.a(lib_a-wsetup.o)
 .comment       0x0000000000000011       0x12 f:/al/futuredynasty/toolchain/sf1/gcc/bin/../lib/gcc/riscv-nuclei-elf/9.2.0/../../../../riscv-nuclei-elf/lib/rv32imac/ilp32\libg_nano.a(lib_a-__atexit.o)
 .comment       0x0000000000000011       0x12 f:/al/futuredynasty/toolchain/sf1/gcc/bin/../lib/gcc/riscv-nuclei-elf/9.2.0/../../../../riscv-nuclei-elf/lib/rv32imac/ilp32\libg_nano.a(lib_a-__call_atexit.o)
 .comment       0x0000000000000011       0x12 f:/al/futuredynasty/toolchain/sf1/gcc/bin/../lib/gcc/riscv-nuclei-elf/9.2.0/../../../../riscv-nuclei-elf/lib/rv32imac/ilp32\libg_nano.a(lib_a-fflush.o)
 .comment       0x0000000000000011       0x12 f:/al/futuredynasty/toolchain/sf1/gcc/bin/../lib/gcc/riscv-nuclei-elf/9.2.0/../../../../riscv-nuclei-elf/lib/rv32imac/ilp32\libg_nano.a(lib_a-findfp.o)
 .comment       0x0000000000000011       0x12 f:/al/futuredynasty/toolchain/sf1/gcc/bin/../lib/gcc/riscv-nuclei-elf/9.2.0/../../../../riscv-nuclei-elf/lib/rv32imac/ilp32\libg_nano.a(lib_a-fwalk.o)
 .comment       0x0000000000000011       0x12 f:/al/futuredynasty/toolchain/sf1/gcc/bin/../lib/gcc/riscv-nuclei-elf/9.2.0/../../../../riscv-nuclei-elf/lib/rv32imac/ilp32\libg_nano.a(lib_a-impure.o)
 .comment       0x0000000000000011       0x12 f:/al/futuredynasty/toolchain/sf1/gcc/bin/../lib/gcc/riscv-nuclei-elf/9.2.0/../../../../riscv-nuclei-elf/lib/rv32imac/ilp32\libg_nano.a(lib_a-makebuf.o)
 .comment       0x0000000000000011       0x12 f:/al/futuredynasty/toolchain/sf1/gcc/bin/../lib/gcc/riscv-nuclei-elf/9.2.0/../../../../riscv-nuclei-elf/lib/rv32imac/ilp32\libg_nano.a(lib_a-nano-freer.o)
 .comment       0x0000000000000011       0x12 f:/al/futuredynasty/toolchain/sf1/gcc/bin/../lib/gcc/riscv-nuclei-elf/9.2.0/../../../../riscv-nuclei-elf/lib/rv32imac/ilp32\libg_nano.a(lib_a-nano-mallocr.o)
 .comment       0x0000000000000011       0x12 f:/al/futuredynasty/toolchain/sf1/gcc/bin/../lib/gcc/riscv-nuclei-elf/9.2.0/../../../../riscv-nuclei-elf/lib/rv32imac/ilp32\libg_nano.a(lib_a-nano-vfprintf.o)
 .comment       0x0000000000000011       0x12 f:/al/futuredynasty/toolchain/sf1/gcc/bin/../lib/gcc/riscv-nuclei-elf/9.2.0/../../../../riscv-nuclei-elf/lib/rv32imac/ilp32\libg_nano.a(lib_a-sbrkr.o)
 .comment       0x0000000000000011       0x12 f:/al/futuredynasty/toolchain/sf1/gcc/bin/../lib/gcc/riscv-nuclei-elf/9.2.0/../../../../riscv-nuclei-elf/lib/rv32imac/ilp32\libg_nano.a(lib_a-stdio.o)
 .comment       0x0000000000000011       0x12 f:/al/futuredynasty/toolchain/sf1/gcc/bin/../lib/gcc/riscv-nuclei-elf/9.2.0/../../../../riscv-nuclei-elf/lib/rv32imac/ilp32\libg_nano.a(lib_a-writer.o)
 .comment       0x0000000000000011       0x12 f:/al/futuredynasty/toolchain/sf1/gcc/bin/../lib/gcc/riscv-nuclei-elf/9.2.0/../../../../riscv-nuclei-elf/lib/rv32imac/ilp32\libg_nano.a(lib_a-closer.o)
 .comment       0x0000000000000011       0x12 f:/al/futuredynasty/toolchain/sf1/gcc/bin/../lib/gcc/riscv-nuclei-elf/9.2.0/../../../../riscv-nuclei-elf/lib/rv32imac/ilp32\libg_nano.a(lib_a-fstatr.o)
 .comment       0x0000000000000011       0x12 f:/al/futuredynasty/toolchain/sf1/gcc/bin/../lib/gcc/riscv-nuclei-elf/9.2.0/../../../../riscv-nuclei-elf/lib/rv32imac/ilp32\libg_nano.a(lib_a-isattyr.o)
 .comment       0x0000000000000011       0x12 f:/al/futuredynasty/toolchain/sf1/gcc/bin/../lib/gcc/riscv-nuclei-elf/9.2.0/../../../../riscv-nuclei-elf/lib/rv32imac/ilp32\libg_nano.a(lib_a-lseekr.o)
 .comment       0x0000000000000011       0x12 f:/al/futuredynasty/toolchain/sf1/gcc/bin/../lib/gcc/riscv-nuclei-elf/9.2.0/../../../../riscv-nuclei-elf/lib/rv32imac/ilp32\libg_nano.a(lib_a-memchr.o)
 .comment       0x0000000000000011       0x12 f:/al/futuredynasty/toolchain/sf1/gcc/bin/../lib/gcc/riscv-nuclei-elf/9.2.0/../../../../riscv-nuclei-elf/lib/rv32imac/ilp32\libg_nano.a(lib_a-mlock.o)
 .comment       0x0000000000000011       0x12 f:/al/futuredynasty/toolchain/sf1/gcc/bin/../lib/gcc/riscv-nuclei-elf/9.2.0/../../../../riscv-nuclei-elf/lib/rv32imac/ilp32\libg_nano.a(lib_a-nano-vfprintf_i.o)
 .comment       0x0000000000000011       0x12 f:/al/futuredynasty/toolchain/sf1/gcc/bin/../lib/gcc/riscv-nuclei-elf/9.2.0/../../../../riscv-nuclei-elf/lib/rv32imac/ilp32\libg_nano.a(lib_a-readr.o)
 .comment       0x0000000000000011       0x12 f:/al/futuredynasty/toolchain/sf1/gcc/bin/../lib/gcc/riscv-nuclei-elf/9.2.0/../../../../riscv-nuclei-elf/lib/rv32imac/ilp32\libg_nano.a(lib_a-reent.o)

.riscv.attributes
                0x0000000000000000       0x2b
 .riscv.attributes
                0x0000000000000000       0x2b ./sf1_sdk/SoC/anlogic/Common/Source/Stubs/close.o
 .riscv.attributes
                0x000000000000002b       0x2b ./sf1_sdk/SoC/anlogic/Common/Source/Stubs/fstat.o
 .riscv.attributes
                0x0000000000000056       0x2b ./sf1_sdk/SoC/anlogic/Common/Source/Stubs/isatty.o
 .riscv.attributes
                0x0000000000000081       0x2b ./sf1_sdk/SoC/anlogic/Common/Source/Stubs/lseek.o
 .riscv.attributes
                0x00000000000000ac       0x2b ./sf1_sdk/SoC/anlogic/Common/Source/Stubs/read.o
 .riscv.attributes
                0x00000000000000d7       0x2b ./sf1_sdk/SoC/anlogic/Common/Source/Stubs/sbrk.o
 .riscv.attributes
                0x0000000000000102       0x2b ./sf1_sdk/SoC/anlogic/Common/Source/Stubs/write.o
 .riscv.attributes
                0x000000000000012d       0x29 ./sf1_sdk/SoC/anlogic/Common/Source/GCC/intexc_anlogic.o
 .riscv.attributes
                0x0000000000000156       0x29 ./sf1_sdk/SoC/anlogic/Common/Source/GCC/startup_anlogic.o
 .riscv.attributes
                0x000000000000017f       0x2b ./sf1_sdk/SoC/anlogic/Common/Source/Drivers/anl_printf.o
 .riscv.attributes
                0x00000000000001aa       0x2b ./sf1_sdk/SoC/anlogic/Common/Source/Drivers/nuclei_misc.o
 .riscv.attributes
                0x00000000000001d5       0x2b ./sf1_sdk/SoC/anlogic/Common/Source/Drivers/nuclei_uart.o
 .riscv.attributes
                0x0000000000000200       0x2b ./sf1_sdk/SoC/anlogic/Common/Source/system_nuclei.o
 .riscv.attributes
                0x000000000000022b       0x2b ./application/main.o
 .riscv.attributes
                0x0000000000000256       0x2b f:/al/futuredynasty/toolchain/sf1/gcc/bin/../lib/gcc/riscv-nuclei-elf/9.2.0/../../../../riscv-nuclei-elf/lib/rv32imac/ilp32\libg_nano.a(lib_a-atexit.o)
 .riscv.attributes
                0x0000000000000281       0x2b f:/al/futuredynasty/toolchain/sf1/gcc/bin/../lib/gcc/riscv-nuclei-elf/9.2.0/../../../../riscv-nuclei-elf/lib/rv32imac/ilp32\libg_nano.a(lib_a-fini.o)
 .riscv.attributes
                0x00000000000002ac       0x2b f:/al/futuredynasty/toolchain/sf1/gcc/bin/../lib/gcc/riscv-nuclei-elf/9.2.0/../../../../riscv-nuclei-elf/lib/rv32imac/ilp32\libg_nano.a(lib_a-init.o)
 .riscv.attributes
                0x00000000000002d7       0x2b f:/al/futuredynasty/toolchain/sf1/gcc/bin/../lib/gcc/riscv-nuclei-elf/9.2.0/../../../../riscv-nuclei-elf/lib/rv32imac/ilp32\libg_nano.a(lib_a-memcpy.o)
 .riscv.attributes
                0x0000000000000302       0x2b f:/al/futuredynasty/toolchain/sf1/gcc/bin/../lib/gcc/riscv-nuclei-elf/9.2.0/../../../../riscv-nuclei-elf/lib/rv32imac/ilp32\libg_nano.a(lib_a-printf.o)
 .riscv.attributes
                0x000000000000032d       0x2b f:/al/futuredynasty/toolchain/sf1/gcc/bin/../lib/gcc/riscv-nuclei-elf/9.2.0/../../../../riscv-nuclei-elf/lib/rv32imac/ilp32\libg_nano.a(lib_a-puts.o)
 .riscv.attributes
                0x0000000000000358       0x2b f:/al/futuredynasty/toolchain/sf1/gcc/bin/../lib/gcc/riscv-nuclei-elf/9.2.0/../../../../riscv-nuclei-elf/lib/rv32imac/ilp32\libg_nano.a(lib_a-sysisatty.o)
 .riscv.attributes
                0x0000000000000383       0x2b f:/al/futuredynasty/toolchain/sf1/gcc/bin/../lib/gcc/riscv-nuclei-elf/9.2.0/../../../../riscv-nuclei-elf/lib/rv32imac/ilp32\libg_nano.a(lib_a-wbuf.o)
 .riscv.attributes
                0x00000000000003ae       0x2b f:/al/futuredynasty/toolchain/sf1/gcc/bin/../lib/gcc/riscv-nuclei-elf/9.2.0/../../../../riscv-nuclei-elf/lib/rv32imac/ilp32\libg_nano.a(lib_a-wsetup.o)
 .riscv.attributes
                0x00000000000003d9       0x2b f:/al/futuredynasty/toolchain/sf1/gcc/bin/../lib/gcc/riscv-nuclei-elf/9.2.0/../../../../riscv-nuclei-elf/lib/rv32imac/ilp32\libg_nano.a(lib_a-__atexit.o)
 .riscv.attributes
                0x0000000000000404       0x2b f:/al/futuredynasty/toolchain/sf1/gcc/bin/../lib/gcc/riscv-nuclei-elf/9.2.0/../../../../riscv-nuclei-elf/lib/rv32imac/ilp32\libg_nano.a(lib_a-__call_atexit.o)
 .riscv.attributes
                0x000000000000042f       0x2b f:/al/futuredynasty/toolchain/sf1/gcc/bin/../lib/gcc/riscv-nuclei-elf/9.2.0/../../../../riscv-nuclei-elf/lib/rv32imac/ilp32\libg_nano.a(lib_a-fflush.o)
 .riscv.attributes
                0x000000000000045a       0x2b f:/al/futuredynasty/toolchain/sf1/gcc/bin/../lib/gcc/riscv-nuclei-elf/9.2.0/../../../../riscv-nuclei-elf/lib/rv32imac/ilp32\libg_nano.a(lib_a-findfp.o)
 .riscv.attributes
                0x0000000000000485       0x2b f:/al/futuredynasty/toolchain/sf1/gcc/bin/../lib/gcc/riscv-nuclei-elf/9.2.0/../../../../riscv-nuclei-elf/lib/rv32imac/ilp32\libg_nano.a(lib_a-fwalk.o)
 .riscv.attributes
                0x00000000000004b0       0x2b f:/al/futuredynasty/toolchain/sf1/gcc/bin/../lib/gcc/riscv-nuclei-elf/9.2.0/../../../../riscv-nuclei-elf/lib/rv32imac/ilp32\libg_nano.a(lib_a-impure.o)
 .riscv.attributes
                0x00000000000004db       0x2b f:/al/futuredynasty/toolchain/sf1/gcc/bin/../lib/gcc/riscv-nuclei-elf/9.2.0/../../../../riscv-nuclei-elf/lib/rv32imac/ilp32\libg_nano.a(lib_a-makebuf.o)
 .riscv.attributes
                0x0000000000000506       0x29 f:/al/futuredynasty/toolchain/sf1/gcc/bin/../lib/gcc/riscv-nuclei-elf/9.2.0/../../../../riscv-nuclei-elf/lib/rv32imac/ilp32\libg_nano.a(lib_a-memset.o)
 .riscv.attributes
                0x000000000000052f       0x2b f:/al/futuredynasty/toolchain/sf1/gcc/bin/../lib/gcc/riscv-nuclei-elf/9.2.0/../../../../riscv-nuclei-elf/lib/rv32imac/ilp32\libg_nano.a(lib_a-nano-freer.o)
 .riscv.attributes
                0x000000000000055a       0x2b f:/al/futuredynasty/toolchain/sf1/gcc/bin/../lib/gcc/riscv-nuclei-elf/9.2.0/../../../../riscv-nuclei-elf/lib/rv32imac/ilp32\libg_nano.a(lib_a-nano-mallocr.o)
 .riscv.attributes
                0x0000000000000585       0x2b f:/al/futuredynasty/toolchain/sf1/gcc/bin/../lib/gcc/riscv-nuclei-elf/9.2.0/../../../../riscv-nuclei-elf/lib/rv32imac/ilp32\libg_nano.a(lib_a-nano-vfprintf.o)
 .riscv.attributes
                0x00000000000005b0       0x2b f:/al/futuredynasty/toolchain/sf1/gcc/bin/../lib/gcc/riscv-nuclei-elf/9.2.0/../../../../riscv-nuclei-elf/lib/rv32imac/ilp32\libg_nano.a(lib_a-sbrkr.o)
 .riscv.attributes
                0x00000000000005db       0x2b f:/al/futuredynasty/toolchain/sf1/gcc/bin/../lib/gcc/riscv-nuclei-elf/9.2.0/../../../../riscv-nuclei-elf/lib/rv32imac/ilp32\libg_nano.a(lib_a-stdio.o)
 .riscv.attributes
                0x0000000000000606       0x2b f:/al/futuredynasty/toolchain/sf1/gcc/bin/../lib/gcc/riscv-nuclei-elf/9.2.0/../../../../riscv-nuclei-elf/lib/rv32imac/ilp32\libg_nano.a(lib_a-writer.o)
 .riscv.attributes
                0x0000000000000631       0x2b f:/al/futuredynasty/toolchain/sf1/gcc/bin/../lib/gcc/riscv-nuclei-elf/9.2.0/../../../../riscv-nuclei-elf/lib/rv32imac/ilp32\libg_nano.a(lib_a-closer.o)
 .riscv.attributes
                0x000000000000065c       0x2b f:/al/futuredynasty/toolchain/sf1/gcc/bin/../lib/gcc/riscv-nuclei-elf/9.2.0/../../../../riscv-nuclei-elf/lib/rv32imac/ilp32\libg_nano.a(lib_a-fstatr.o)
 .riscv.attributes
                0x0000000000000687       0x2b f:/al/futuredynasty/toolchain/sf1/gcc/bin/../lib/gcc/riscv-nuclei-elf/9.2.0/../../../../riscv-nuclei-elf/lib/rv32imac/ilp32\libg_nano.a(lib_a-isattyr.o)
 .riscv.attributes
                0x00000000000006b2       0x2b f:/al/futuredynasty/toolchain/sf1/gcc/bin/../lib/gcc/riscv-nuclei-elf/9.2.0/../../../../riscv-nuclei-elf/lib/rv32imac/ilp32\libg_nano.a(lib_a-lseekr.o)
 .riscv.attributes
                0x00000000000006dd       0x2b f:/al/futuredynasty/toolchain/sf1/gcc/bin/../lib/gcc/riscv-nuclei-elf/9.2.0/../../../../riscv-nuclei-elf/lib/rv32imac/ilp32\libg_nano.a(lib_a-memchr.o)
 .riscv.attributes
                0x0000000000000708       0x2b f:/al/futuredynasty/toolchain/sf1/gcc/bin/../lib/gcc/riscv-nuclei-elf/9.2.0/../../../../riscv-nuclei-elf/lib/rv32imac/ilp32\libg_nano.a(lib_a-mlock.o)
 .riscv.attributes
                0x0000000000000733       0x2b f:/al/futuredynasty/toolchain/sf1/gcc/bin/../lib/gcc/riscv-nuclei-elf/9.2.0/../../../../riscv-nuclei-elf/lib/rv32imac/ilp32\libg_nano.a(lib_a-nano-vfprintf_i.o)
 .riscv.attributes
                0x000000000000075e       0x2b f:/al/futuredynasty/toolchain/sf1/gcc/bin/../lib/gcc/riscv-nuclei-elf/9.2.0/../../../../riscv-nuclei-elf/lib/rv32imac/ilp32\libg_nano.a(lib_a-readr.o)
 .riscv.attributes
                0x0000000000000789       0x2b f:/al/futuredynasty/toolchain/sf1/gcc/bin/../lib/gcc/riscv-nuclei-elf/9.2.0/../../../../riscv-nuclei-elf/lib/rv32imac/ilp32\libg_nano.a(lib_a-reent.o)

.debug_frame    0x0000000000000000      0xcb4
 .debug_frame   0x0000000000000000       0x5c ./sf1_sdk/SoC/anlogic/Common/Source/Stubs/close.o
 .debug_frame   0x000000000000005c       0x5c ./sf1_sdk/SoC/anlogic/Common/Source/Stubs/fstat.o
 .debug_frame   0x00000000000000b8       0x34 ./sf1_sdk/SoC/anlogic/Common/Source/Stubs/isatty.o
 .debug_frame   0x00000000000000ec       0x5c ./sf1_sdk/SoC/anlogic/Common/Source/Stubs/lseek.o
 .debug_frame   0x0000000000000148       0x38 ./sf1_sdk/SoC/anlogic/Common/Source/Stubs/read.o
 .debug_frame   0x0000000000000180       0x34 ./sf1_sdk/SoC/anlogic/Common/Source/Stubs/sbrk.o
 .debug_frame   0x00000000000001b4       0x38 ./sf1_sdk/SoC/anlogic/Common/Source/Stubs/write.o
 .debug_frame   0x00000000000001ec      0x100 ./sf1_sdk/SoC/anlogic/Common/Source/Drivers/anl_printf.o
 .debug_frame   0x00000000000002ec      0x208 ./sf1_sdk/SoC/anlogic/Common/Source/Drivers/nuclei_misc.o
 .debug_frame   0x00000000000004f4      0x378 ./sf1_sdk/SoC/anlogic/Common/Source/Drivers/nuclei_uart.o
 .debug_frame   0x000000000000086c      0x1d0 ./sf1_sdk/SoC/anlogic/Common/Source/system_nuclei.o
 .debug_frame   0x0000000000000a3c      0x278 ./application/main.o
